22:19:55 INFO stage=22_recovery_curve | commit=5119ddd | logfile=22_recovery_curve_20260805T201955Z.log
22:19:55 INFO versions={"python": "3.11.15", "platform": "Windows-10-10.0.26200-SP0", "torch": "2.11.0+cu128", "transformers": "5.8.0", "datasets": "4.8.5", "sklearn": "1.8.0", "numpy": "2.4.4", "spectral_trust": "0.2.3@2149f55"}
22:19:55 INFO width 1536 | 10 seeds/cell | detection at delta >= 0.02 in >= 80% of seeds
22:19:55 INFO 
=== calibration: block-only AUROC at the pilot's n=200 ===
22:19:55 INFO   plant   median block-only              IQR
22:19:55 INFO    0.00               0.479   [0.443, 0.520]
22:19:56 INFO    0.50               0.489   [0.452, 0.528]
22:19:56 INFO    1.00               0.518   [0.474, 0.557]
22:19:57 INFO    1.50               0.560   [0.503, 0.592]
22:19:58 INFO    2.00               0.594   [0.533, 0.636]
22:19:58 INFO    3.00               0.648   [0.590, 0.699]
22:19:58 INFO 
calibrated plant strength for a pilot reading of 0.633: s* = 2.721  (interpolated)
22:19:58 INFO 
=== sweep at s* = 2.721 ===
22:19:58 INFO      n   median delta  detect frac   median block-only
22:20:05 INFO    200        +0.0336          70%               0.615
22:20:15 INFO    400        +0.0699         100%               0.680
22:20:33 INFO    800        +0.0702         100%               0.652
22:21:09 INFO   1600        +0.0822         100%               0.631
22:21:09 INFO 
==================================================================
22:21:09 INFO N_FREEZE candidate = 400 items per stratum — the smallest n detecting a plant calibrated to the pilot's own block-only reading, in >= 80% of 10 seeds.
22:21:09 INFO wrote recovery_curve.json
